
> test
> node --test

Γ£ö should proxy trade execution and simulation runtime paths (2.123ms)
Γ£ö should proxy broker portfolio paths (0.4278ms)
Γ£û aggregates broker state without exact helper names (233.9946ms)
Γ£û preserves partial availability when one broker fails (112.134ms)
Γ£û renders combined broker pill from source contract (193.5543ms)
Γ£û keeps partial availability and class behavior in sync (100.551ms)
Γ£ö last refresh button uses full fetch handler (3.0073ms)
Γ£ö countdown timer uses UI-only refresh handler (27.6265ms)
Γ£ö uses 30s refresh cadence during market hours (23.2904ms)
Γ£ö uses 120s refresh cadence outside market hours (59.4749ms)
Γ£ö start button behavior posts to /simulation/start and applies returned status (54.2125ms)
Γ£ö status refresh applies server runtime state to UI model (23.1741ms)
Γ£ö renderShortTargetCell preserves locked target view when open trade exists (52.7294ms)
Γ£ö formatEntryJournal keeps legacy setup metadata when setupType is absent (46.628ms)
Γ£ö freshness uses priceTimeMs over fetchedAt when available (56.5702ms)
Γ£ö freshness uses fetchedAt only when price time is missing (45.3836ms)
Γ£ö intraday signal payload includes explicit price timestamp fields (116.2251ms)
Γ£ö dashboard intraday stream uses server-owned live SSE endpoint (52.3637ms)
Γ£ö proxy exposes server-owned live SSE endpoint for intraday updates (19.0623ms)
Γ£ö SSE broadcast payload includes sectorTrend from server cache (54.067ms)
Γ£ö dashboard SSE handler updates serverSectorTrend from payload (80.8273ms)
Γ£ö renderSectors applies serverSectorTrend override to sectorTrendCache (54.8962ms)
Γ£ö manual trade controls render broker selector (24.5849ms)
Γ£ö openPaperTrade posts selected broker mode instead of global toggle directly (34.6028ms)
Γ£ö openManualTradeModal function is defined (11.4071ms)
Γ£ö closeManualTradeModal function is defined (0.5317ms)
Γ£ö submitManualTrade function is defined (0.5456ms)
Γ£ö openManualTradeModal populates manual-trade-modal-body (0.326ms)
Γ£ö submitManualTrade uses postPaperTrade with source manual (2.5045ms)
Γ£ö submitManualTrade derives assetType from getAssetBySymbol (0.6375ms)
Γ£ö submitManualTrade calls applyOpenedTradeLocally on success (0.3626ms)
Γ£ö submitManualTrade calls loadPaperTrades after opening (0.5976ms)
Γ£ö modal shows inline status message on error without closing (0.386ms)
Γ£ö symbol change triggers price autofill via getCurrentTradePrice (0.4079ms)
Γ£ö target and stop autofill use getPaperPlanForSide (0.3663ms)
Γ£ö submitManualTrade uses getSuggestedPaperQty for cash/exposure validation (0.3253ms)
Γ£ö _autofillManualTradeFields clears fields before filling (stale-value safety) (8.6671ms)
Γ£ö _onManualTradeSymChange uses getManualTradeBrokerMode for broker reload (0.3849ms)
Γ£ö symbol input uses datalist for searchable autocomplete (0.4806ms)
Γ£ö buildScripCodeMap extracts EQ scripts only and maps symbol ΓåÆ scripCode (1.5082ms)
Γ£ö runSimulationDomainCycle returns entry and exit intent collections (4.609ms)
Γ£ö runSimulationDomainCycle computes exits before entries and frees symbols closed in the cycle (1.5975ms)
[fund-cache] Loaded 300 cached fundamentals from file
[etf-sum-cache] Loaded 326 cached 1M returns
[etf-meta-cache] Loaded 334 static ETF records from etf_list_cache.json
[proxy] >> POST /simulation/start 127.0.0.1
[intraday-live] Refresh started (scheduler-start); cadence=60s market / 900s off-hours
[simulation-runtime] Scheduler started (api-start) at 15s cadence
[proxy] >> GET /simulation/status 127.0.0.1
[simulation-runtime] Scheduler stopped (test-stop)
[fund-cache] Loaded 300 cached fundamentals from file
[etf-sum-cache] Loaded 326 cached 1M returns
[etf-meta-cache] Loaded 334 static ETF records from etf_list_cache.json
[proxy] >> GET /simulation/analysis 127.0.0.1
[simulation-runtime] Scheduler stopped (test-stop)
[fund-cache] Loaded 300 cached fundamentals from file
[etf-sum-cache] Loaded 326 cached 1M returns
[etf-meta-cache] Loaded 334 static ETF records from etf_list_cache.json
[proxy] >> POST /simulation/start 127.0.0.1
[intraday-live] Refresh started (scheduler-start); cadence=60s market / 900s off-hours
[simulation-runtime] Scheduler started (api-start) at 15s cadence
[proxy] >> POST /simulation/start 127.0.0.1
[simulation-runtime] Scheduler stopped (test-stop)
[fund-cache] Loaded 300 cached fundamentals from file
[etf-sum-cache] Loaded 326 cached 1M returns
[etf-meta-cache] Loaded 334 static ETF records from etf_list_cache.json
[proxy] >> POST /simulation/start 127.0.0.1
[intraday-live] Refresh started (scheduler-start); cadence=60s market / 900s off-hours
[simulation-runtime] Scheduler started (api-start) at 15s cadence
[proxy] >> POST /simulation/stop 127.0.0.1
[simulation-runtime] Scheduler stopped (test-stop)
[fund-cache] Loaded 300 cached fundamentals from file
[etf-sum-cache] Loaded 326 cached 1M returns
[etf-meta-cache] Loaded 334 static ETF records from etf_list_cache.json
[proxy] >> POST /simulation/start 127.0.0.1
[intraday-live] Refresh started (scheduler-start); cadence=60s market / 900s off-hours
[simulation-runtime] Scheduler started (api-start) at 15s cadence
[proxy] >> POST /simulation/stop 127.0.0.1
[proxy] >> POST /simulation/stop 127.0.0.1
[simulation-runtime] Scheduler stopped (api-stop)
[simulation-runtime] Scheduler stopped (test-stop)
[fund-cache] Loaded 300 cached fundamentals from file
[etf-sum-cache] Loaded 326 cached 1M returns
[etf-meta-cache] Loaded 334 static ETF records from etf_list_cache.json
[proxy] >> POST /simulation/stop 127.0.0.1
[simulation-runtime] Scheduler stopped (test-stop)
[fund-cache] Loaded 300 cached fundamentals from file
[etf-sum-cache] Loaded 326 cached 1M returns
[etf-meta-cache] Loaded 334 static ETF records from etf_list_cache.json
[simulation-runtime] Scheduler stopped (test-stop)
[fund-cache] Loaded 300 cached fundamentals from file
[etf-sum-cache] Loaded 326 cached 1M returns
[etf-meta-cache] Loaded 334 static ETF records from etf_list_cache.json
[simulation-runtime] Scheduler stopped (test-stop)
[fund-cache] Loaded 300 cached fundamentals from file
[etf-sum-cache] Loaded 326 cached 1M returns
[etf-meta-cache] Loaded 334 static ETF records from etf_list_cache.json
[proxy] >> POST /simulation/start 127.0.0.1
[intraday-live] Refresh started (scheduler-start); cadence=60s market / 900s off-hours
[simulation-runtime] Scheduler started (api-start) at 15s cadence
[proxy] >> POST /simulation/stop 127.0.0.1
Γ£ö POST /simulation/start and GET /simulation/status expose runtime defaults (917.1998ms)
Γ£ö GET /simulation/analysis returns server-side analyzed candidates payload (1539.0659ms)
Γ£ö POST /simulation/start returns 409 on invalid transition (70.3672ms)
Γ£ö POST /simulation/stop defaults to settle and timeoutSec=900 (110.4623ms)
Γ£ö POST /simulation/stop mode=immediate transitions running or settling to off (120.942ms)
Γ£ö POST /simulation/stop returns 409 for invalid transitions (30.1997ms)
Γ£ö server candidate generation applies high-profit short trigger before cutoff (19.0059ms)
Γ£ö server candidate generation does not apply high-profit short trigger after cutoff (17.622ms)
[simulation-runtime] Scheduler stopped (settled)
[simulation-runtime] Scheduler stopped (test-stop)
[fund-cache] Loaded 300 cached fundamentals from file
[etf-sum-cache] Loaded 326 cached 1M returns
[etf-meta-cache] Loaded 334 static ETF records from etf_list_cache.json
[proxy] >> POST /simulation/start 127.0.0.1
[intraday-live] Refresh started (scheduler-start); cadence=60s market / 900s off-hours
[simulation-runtime] Scheduler started (api-start) at 15s cadence
[simulation-runtime] Scheduler stopped (auto-stop-after-market)
[simulation-runtime] Scheduler stopped (test-stop)
[fund-cache] Loaded 300 cached fundamentals from file
[etf-sum-cache] Loaded 326 cached 1M returns
[etf-meta-cache] Loaded 334 static ETF records from etf_list_cache.json
[proxy] >> POST /simulation/start 127.0.0.1
[intraday-live] Refresh started (scheduler-start); cadence=60s market / 900s off-hours
[simulation-runtime] Scheduler started (api-start) at 15s cadence
[simulation-runtime] Scheduler stopped (auto-stop-after-market)
[simulation-runtime] Scheduler stopped (test-stop)
[fund-cache] Loaded 300 cached fundamentals from file
[etf-sum-cache] Loaded 326 cached 1M returns
[etf-meta-cache] Loaded 334 static ETF records from etf_list_cache.json
[proxy] >> POST /simulation/start 127.0.0.1
Γ£ö scheduler settling mode blocks entries but still processes exits (373.7164ms)
[intraday-live] Refresh started (scheduler-start); cadence=60s market / 900s off-hours
[simulation-runtime] Scheduler started (api-start) at 15s cadence
Γ£ö scheduler auto-closes simulation-managed open trades after EOD cutoff (121.9872ms)
Γ£ö scheduler auto-closes manual open trades after EOD cutoff (89.4702ms)
[simulation-runtime] Scheduler stopped (auto-stop-after-market)
[simulation-runtime] Scheduler stopped (test-stop)
[fund-cache] Loaded 300 cached fundamentals from file
[etf-sum-cache] Loaded 326 cached 1M returns
[etf-meta-cache] Loaded 334 static ETF records from etf_list_cache.json
[proxy] >> POST /simulation/start 127.0.0.1
[intraday-live] Refresh started (scheduler-start); cadence=60s market / 900s off-hours
[simulation-runtime] Scheduler started (api-start) at 15s cadence
[simulation-runtime] Scheduler stopped (auto-stop-after-market)
[simulation-runtime] Scheduler stopped (test-stop)
[fund-cache] Loaded 300 cached fundamentals from file
[etf-sum-cache] Loaded 326 cached 1M returns
[etf-meta-cache] Loaded 334 static ETF records from etf_list_cache.json
[proxy] >> POST /simulation/start 127.0.0.1
[intraday-live] Refresh started (scheduler-start); cadence=60s market / 900s off-hours
[simulation-runtime] Scheduler started (api-start) at 15s cadence
[proxy] >> POST /trade-settings 127.0.0.1
Γ£ö scheduler auto-closes open trade at EOD even when symbol is missing from candidates (158.9376ms)
[simulation-runtime] Scheduler stopped (test-stop)
[fund-cache] Loaded 300 cached fundamentals from file
[etf-sum-cache] Loaded 326 cached 1M returns
[etf-meta-cache] Loaded 334 static ETF records from etf_list_cache.json
[proxy] >> POST /simulation/start 127.0.0.1
[intraday-live] Refresh started (scheduler-start); cadence=60s market / 900s off-hours
[simulation-runtime] Scheduler started (api-start) at 15s cadence
[proxy] >> POST /trade-settings 127.0.0.1
[simulation-runtime] Scheduler stopped (test-stop)
[fund-cache] Loaded 300 cached fundamentals from file
[etf-sum-cache] Loaded 326 cached 1M returns
[etf-meta-cache] Loaded 334 static ETF records from etf_list_cache.json
[proxy] >> POST /simulation/start 127.0.0.1
[intraday-live] Refresh started (scheduler-start); cadence=60s market / 900s off-hours
[simulation-runtime] Scheduler started (api-start) at 15s cadence
[simulation-runtime] Scheduler stopped (test-stop)
[fund-cache] Loaded 300 cached fundamentals from file
[etf-sum-cache] Loaded 326 cached 1M returns
[etf-meta-cache] Loaded 334 static ETF records from etf_list_cache.json
[proxy] >> POST /simulation/start 127.0.0.1
Γ£ö scheduler does not open new trades outside simulation entry window (86.8661ms)
[intraday-live] Refresh started (scheduler-start); cadence=60s market / 900s off-hours
[simulation-runtime] Scheduler started (api-start) at 15s cadence
[simulation-runtime] Scheduler stopped (test-stop)
[fund-cache] Loaded 300 cached fundamentals from file
[etf-sum-cache] Loaded 326 cached 1M returns
[etf-meta-cache] Loaded 334 static ETF records from etf_list_cache.json
[proxy] >> POST /simulation/start 127.0.0.1
[intraday-live] Refresh started (scheduler-start); cadence=60s market / 900s off-hours
[simulation-runtime] Scheduler started (api-start) at 15s cadence
[simulation-runtime] Scheduler stopped (test-stop)
[fund-cache] Loaded 300 cached fundamentals from file
[etf-sum-cache] Loaded 326 cached 1M returns
[etf-meta-cache] Loaded 334 static ETF records from etf_list_cache.json
[proxy] >> POST /simulation/start 127.0.0.1
[intraday-live] Refresh started (scheduler-start); cadence=60s market / 900s off-hours
[simulation-runtime] Scheduler started (api-start) at 15s cadence
[simulation-runtime] Scheduler stopped (auto-stop-after-market)
[simulation-runtime] Scheduler stopped (test-stop)
[fund-cache] Loaded 300 cached fundamentals from file
[etf-sum-cache] Loaded 326 cached 1M returns
[etf-meta-cache] Loaded 334 static ETF records from etf_list_cache.json
[intraday-live] Refresh started (runtime-init); cadence=60s market / 900s off-hours
[simulation-runtime] Scheduler started (auto-resume) at 15s cadence
[simulation-runtime] Scheduler stopped (test-stop)
Γ£ö scheduler blocks new entries when daily stop guard is hit and override is disabled (98.8618ms)
Γ£ö scheduler allows new entries when daily stop guard override is enabled (78.8741ms)
Γ£ö scheduler-created simulation trades preserve target and stop from candidate intent (77.2529ms)
Γ£ö scheduler-created trades include target and stop when using SimulationEngine path (77.5394ms)
Γ£ö scheduler backfills target and stop for legacy open simulation trades (79.4895ms)
Γ£ö scheduler auto-stops running simulation after 3:30 PM IST (75.3182ms)
Γ£ö startup auto-resume starts scheduler when persisted state is running and autoResume=true (28.1104ms)
Γ£ö loadRuntimeState returns defaults and writes file when state file is missing (37.4264ms)
Γ£ö loadRuntimeState coerces malformed values and rewrites normalized file (72.9852ms)
Γ£ö saveRuntimeState merges partial updates with persisted state (50.7123ms)
Γ£ö transitionRuntimeState enforces legal lifecycle transitions (22.6291ms)
Γ£ö transitionRuntimeState rejects invalid transitions (8.2469ms)
Γ£ö dashboard intraday SSE handler no longer posts simulation snapshots (9.9191ms)
Γ£ö proxy persists simulation snapshots from server intraday refresh loop (19.5574ms)
Γ£û scheduler candidate builder uses intraday cache instead of direct fetches (20.5028ms)
Γ£ö starting simulation scheduler triggers shared intraday cache refresh (20.5293ms)
Γ£ö scheduler tick input includes market indices and sector trend for regime checks (6.5005ms)
Γ£ö scheduler passes sector trend context into simulation domain cycle (11.8455ms)
Γ£ö server intraday refresh uses 60s during market hours (24.0607ms)
Γ£ö server intraday refresh uses 15min outside market hours (16.0038ms)
Γ£ö server intraday refresh loop is weekend cache-only (no fetch) (7.1643ms)
[fund-cache] Loaded 300 cached fundamentals from file
[etf-sum-cache] Loaded 326 cached 1M returns
[etf-meta-cache] Loaded 334 static ETF records from etf_list_cache.json
[proxy] >> POST /paper-trades 127.0.0.1
[proxy] >> GET /trade-execution 127.0.0.1
[proxy] >> GET /paper-trades 127.0.0.1
[proxy] >> GET /trade-execution/stream 127.0.0.1
[proxy] >> GET /paper-trades/stream 127.0.0.1
[simulation-runtime] Scheduler stopped (test-stop)
[fund-cache] Loaded 300 cached fundamentals from file
[etf-sum-cache] Loaded 326 cached 1M returns
[etf-meta-cache] Loaded 334 static ETF records from etf_list_cache.json
[proxy] >> POST /paper-trades 127.0.0.1
[proxy] >> GET /trade-execution/stream 127.0.0.1
[proxy] >> GET /paper-trades/stream 127.0.0.1
[simulation-runtime] Scheduler stopped (test-stop)
[fund-cache] Loaded 300 cached fundamentals from file
[etf-sum-cache] Loaded 326 cached 1M returns
[etf-meta-cache] Loaded 334 static ETF records from etf_list_cache.json
[proxy] >> POST /trade-execution 127.0.0.1
[proxy] >> POST /paper-trades 127.0.0.1
[proxy] >> POST /paper-trades 127.0.0.1
[proxy] >> POST /trade-execution 127.0.0.1
[proxy] >> POST /trade-execution 127.0.0.1
[proxy] >> POST /paper-trades 127.0.0.1
[simulation-runtime] Scheduler stopped (test-stop)
[fund-cache] Loaded 300 cached fundamentals from file
[etf-sum-cache] Loaded 326 cached 1M returns
[etf-meta-cache] Loaded 334 static ETF records from etf_list_cache.json
[proxy] >> POST /trade-execution 127.0.0.1
[proxy] >> POST /trade-execution 127.0.0.1
Γ£ö GET /trade-execution aliases /paper-trades and stream routes keep parity (543.1603ms)
[proxy] >> POST /trade-execution 127.0.0.1
[proxy] >> POST /trade-execution 127.0.0.1
[proxy] >> POST /paper-trades 127.0.0.1
[proxy] >> POST /trade-execution 127.0.0.1
Γ£ö stream init payload includes additive simulationRuntime and keeps legacy keys with alias parity (60.3806ms)
[proxy] >> POST /trade-execution 127.0.0.1
[proxy] >> POST /trade-execution 127.0.0.1
[proxy] >> POST /paper-trades 127.0.0.1
[proxy] >> POST /trade-execution 127.0.0.1
Γ£ö POST action parity across /trade-execution and /paper-trades (99.4138ms)
[proxy] >> POST /trade-execution 127.0.0.1
[simulation-runtime] Scheduler stopped (test-stop)
[fund-cache] Loaded 300 cached fundamentals from file
[etf-sum-cache] Loaded 326 cached 1M returns
[etf-meta-cache] Loaded 334 static ETF records from etf_list_cache.json
[proxy] >> POST /trade-execution 127.0.0.1
[proxy] >> POST /trade-execution 127.0.0.1
[simulation-runtime] Scheduler stopped (test-stop)
Γ£ö action validation matrix enforces 400/409 requirements (79.384ms)
Γ£ö open action captures requested broker mode and close uses per-trade broker details (77.64ms)
[fund-cache] Loaded 300 cached fundamentals from file
[etf-sum-cache] Loaded 326 cached 1M returns
[etf-meta-cache] Loaded 334 static ETF records from etf_list_cache.json
[simulation-runtime] Scheduler stopped (test-stop)
[fund-cache] Loaded 300 cached fundamentals from file
[etf-sum-cache] Loaded 326 cached 1M returns
[etf-meta-cache] Loaded 334 static ETF records from etf_list_cache.json
[proxy] >> POST /simulation/start 127.0.0.1
[intraday-live] Refresh started (scheduler-start); cadence=60s market / 900s off-hours
[simulation-runtime] Scheduler started (api-start) at 15s cadence
Γ£ö legacy manual trades are backfilled with default ownership on load (527.5834ms)
[simulation-runtime] Scheduler stopped (auto-stop-after-market)
[simulation-runtime] Scheduler stopped (test-stop)
[fund-cache] Loaded 300 cached fundamentals from file
[etf-sum-cache] Loaded 326 cached 1M returns
[etf-meta-cache] Loaded 334 static ETF records from etf_list_cache.json
[proxy] >> POST /simulation/start 127.0.0.1
[intraday-live] Refresh started (scheduler-start); cadence=60s market / 900s off-hours
[simulation-runtime] Scheduler started (api-start) at 15s cadence
Γ£û SIMULATION_AUTO_MANUAL_EXITS=false keeps manual trades manual_only during running and settling (430.8665ms)
[simulation-runtime] Scheduler stopped (auto-stop-after-market)
[simulation-runtime] Scheduler stopped (test-stop)
Γ£û SIMULATION_AUTO_MANUAL_EXITS=true transitions eligible manual trades to simulation managed (213.8788ms)
Γ£ö dashboard has retry scheduler for trade-settings server sync (6.4419ms)
Γ£ö trade-setting save schedules retry when server save fails (7.6082ms)
Γ£ö classifyOrderStatus maps terminal states correctly (2.4261ms)
Γ£ö classifyOrderStatus maps intermediate states to pending (0.4209ms)
Γ£ö classifyOrderStatus returns unknown for unexpected values (0.3567ms)
Γä╣ tests 89
Γä╣ suites 0
Γä╣ pass 82
Γä╣ fail 7
Γä╣ cancelled 0
Γä╣ skipped 0
Γä╣ todo 0
Γä╣ duration_ms 6136.3516

Γ£û failing tests:

test at test\broker-portfolio-aggregate.test.js:157:1
Γ£û aggregates broker state without exact helper names (233.9946ms)
  AssertionError [ERR_ASSERTION]: dashboard-app.js is missing the combined broker aggregate contract
      at TestContext.<anonymous> (C:\data\project\stock-watcher\test\broker-portfolio-aggregate.test.js:165:10)
      at Test.runInAsyncScope (node:async_hooks:227:14)
      at Test.run (node:internal/test_runner/test:1201:25)
      at Test.start (node:internal/test_runner/test:1096:17)
      at startSubtestAfterBootstrap (node:internal/test_runner/harness:385:17) {
    generatedMessage: false,
    code: 'ERR_ASSERTION',
    actual: null,
    expected: true,
    operator: '==',
    diff: 'simple'
  }

test at test\broker-portfolio-aggregate.test.js:190:1
Γ£û preserves partial availability when one broker fails (112.134ms)
  AssertionError [ERR_ASSERTION]: dashboard-app.js is missing the partial-availability aggregate contract
      at TestContext.<anonymous> (C:\data\project\stock-watcher\test\broker-portfolio-aggregate.test.js:198:10)
      at Test.runInAsyncScope (node:async_hooks:227:14)
      at Test.run (node:internal/test_runner/test:1201:25)
      at Test.processPendingSubtests (node:internal/test_runner/test:831:18)
      at Test.postRun (node:internal/test_runner/test:1330:19)
      at Test.run (node:internal/test_runner/test:1258:12)
      at async startSubtestAfterBootstrap (node:internal/test_runner/harness:385:3) {
    generatedMessage: false,
    code: 'ERR_ASSERTION',
    actual: null,
    expected: true,
    operator: '==',
    diff: 'simple'
  }

test at test\broker-portfolio-ui.test.js:157:1
Γ£û renders combined broker pill from source contract (193.5543ms)
  AssertionError [ERR_ASSERTION]: dashboard-app.js is missing the combined broker pill contract
      at TestContext.<anonymous> (C:\data\project\stock-watcher\test\broker-portfolio-ui.test.js:165:10)
      at Test.runInAsyncScope (node:async_hooks:227:14)
      at Test.run (node:internal/test_runner/test:1201:25)
      at Test.start (node:internal/test_runner/test:1096:17)
      at startSubtestAfterBootstrap (node:internal/test_runner/harness:385:17) {
    generatedMessage: false,
    code: 'ERR_ASSERTION',
    actual: null,
    expected: true,
    operator: '==',
    diff: 'simple'
  }

test at test\broker-portfolio-ui.test.js:207:1
Γ£û keeps partial availability and class behavior in sync (100.551ms)
  AssertionError [ERR_ASSERTION]: dashboard-app.js is missing the partial-availability broker pill contract
      at TestContext.<anonymous> (C:\data\project\stock-watcher\test\broker-portfolio-ui.test.js:216:10)
      at Test.runInAsyncScope (node:async_hooks:227:14)
      at Test.run (node:internal/test_runner/test:1201:25)
      at Test.processPendingSubtests (node:internal/test_runner/test:831:18)
      at Test.postRun (node:internal/test_runner/test:1330:19)
      at Test.run (node:internal/test_runner/test:1258:12)
      at async startSubtestAfterBootstrap (node:internal/test_runner/harness:385:3) {
    generatedMessage: false,
    code: 'ERR_ASSERTION',
    actual: null,
    expected: true,
    operator: '==',
    diff: 'simple'
  }

test at test\simulation-uses-intraday-cache.test.js:8:1
Γ£û scheduler candidate builder uses intraday cache instead of direct fetches (20.5028ms)
  AssertionError [ERR_ASSERTION]: The input did not match the regular expression /function buildSchedulerCandidatesFromIntradayCache\(settings,\s*symbolMetaBySymbol\s*=\s*null\)/. Input:
  
  '#!/usr/bin/env node\r\n' +
    '/**\r\n' +
    ' * NSE + Yahoo Finance Local Proxy Server\r\n' +
    ' * ΓöÇΓöÇΓöÇΓöÇΓöÇΓöÇΓöÇΓöÇΓöÇΓöÇΓöÇΓöÇΓöÇΓöÇΓöÇΓöÇΓöÇΓöÇΓöÇΓöÇΓöÇΓöÇΓöÇΓöÇΓöÇΓöÇΓöÇΓöÇΓöÇΓöÇΓöÇΓöÇΓöÇΓöÇΓöÇΓöÇΓöÇΓöÇΓöÇΓöÇΓöÇΓöÇΓöÇΓöÇΓöÇΓöÇΓöÇΓöÇΓöÇΓöÇΓöÇΓöÇΓöÇΓöÇΓöÇΓöÇΓöÇΓöÇΓöÇΓöÇΓöÇΓöÇΓöÇΓöÇΓöÇ\r\n' +
    ' * Run:  node ticker_proxy.js          (self-applies --max-http-header-size)\r\n' +
    ' * Port: 3001\r\n' +
    ' *\r\n' +
    ' * Routes:\r\n' +
    ' *   GET /health                 ΓåÆ status check\r\n' +
    ' *   GET /nse?path=/api/...      ΓåÆ NSE India API (handles session)\r\n' +
    ' *   GET /yahoo?symbols=A,B,C    ΓåÆ Yahoo Finance v7 quotes\r\n' +
    ' *   GET /yahoo/indices          ΓåÆ Nifty index quotes\r\n' +
    ' * ΓöÇΓöÇΓöÇΓöÇΓöÇΓöÇΓöÇΓöÇΓöÇΓöÇΓöÇΓöÇΓöÇΓöÇΓöÇΓöÇΓöÇΓöÇΓöÇΓöÇΓöÇΓöÇΓöÇΓöÇΓöÇΓöÇΓöÇΓöÇΓöÇΓöÇΓöÇΓöÇΓöÇΓöÇΓöÇΓöÇΓöÇΓöÇΓöÇΓöÇΓöÇΓöÇΓöÇΓöÇΓöÇΓöÇΓöÇΓöÇΓöÇΓöÇΓöÇΓöÇΓöÇΓöÇΓöÇΓöÇΓöÇΓöÇΓöÇΓöÇΓöÇΓöÇΓöÇΓöÇΓöÇ\r\n' +
    ' */\r\n' +
    '\r\n' +
    '// ΓöÇΓöÇ SELF-RESPAWN ΓöÇΓöÇΓöÇΓöÇΓöÇΓöÇΓöÇΓöÇΓöÇΓöÇΓöÇΓöÇΓöÇΓöÇΓöÇΓöÇΓöÇΓöÇΓöÇΓöÇΓöÇΓöÇΓöÇΓöÇΓöÇΓöÇΓöÇΓöÇΓöÇΓöÇΓöÇΓöÇΓöÇΓöÇΓöÇΓöÇΓöÇΓöÇΓöÇΓöÇΓöÇΓöÇΓöÇΓöÇΓöÇΓöÇΓöÇΓöÇΓöÇΓöÇ\r\n' +
    '// Yahoo Finance responses contain huge Set-Cookie headers that exceed\r\n' +
    "// Node's default 8 KB HTTP parser limit.  The ONLY reliable fix is the\r\n" +
    "// --max-http-header-size CLI flag (agent-level options don't work).\r\n" +
    "// If we weren't started with it, re-exec ourselves with it right now.\r\n" +
    "const HEADER_FLAG = '--max-http-header-size=65536';\r\n" +
    'if (require.main === module && !process.execArgv.includes(HEADER_FLAG)) {\r\n' +
    "  const { spawnSync } = require('child_process');\r\n" +
    "  console.log('[proxy] Re-starting with', HEADER_FLAG, 'ΓÇª');\r\n" +
    '  const result = spawnSync(\r\n' +
    '    process.execPath,\r\n' +
    '    [HEADER_FLAG, ...process.argv.slice(1)],\r\n' +
    "    { stdio: 'inherit', env: process.env }\r\n" +
    '  );\r\n' +
    '  process.exit(result.status ?? 0);\r\n' +
    '}\r\n' +
    '// ΓöÇΓöÇΓöÇΓöÇΓöÇΓöÇΓöÇΓöÇΓöÇΓöÇΓöÇΓöÇΓöÇΓöÇΓöÇΓöÇΓöÇΓöÇΓöÇΓöÇΓöÇΓöÇΓöÇΓöÇΓöÇΓöÇΓöÇΓöÇΓöÇΓöÇΓöÇΓöÇΓöÇΓöÇΓöÇΓöÇΓöÇΓöÇΓöÇΓöÇΓöÇΓöÇΓöÇΓöÇΓöÇΓöÇΓöÇΓöÇΓöÇΓöÇΓöÇΓöÇΓöÇΓöÇΓöÇΓöÇΓöÇΓöÇΓöÇΓöÇΓöÇΓöÇΓöÇΓöÇΓöÇ\r\n' +
    '\r\n' +
    "const http  = require('http');\r\n" +
    "const https = require('https');\r\n" +
    "const zlib  = require('zlib');\r\n" +
    "const fs    = require('fs');\r\n" +
    "const path  = require('path');\r\n" +
    "const os    = require('os');\r\n" +
    "const crypto = require('crypto');\r\n" +
    "const { fork } = require('child_process');\r\n" +
    "const Backtest = require('./backtest_simulation');\r\n" +
    "const SimulationEngine = require('./simulation_engine');\r\n" +
    "const TradeRules = require('./trade_rules');\r\n" +
    "const { runSimulationDomainCycle } = require('./server/simulation-domain');\r\n" +
    'const {\r\n' +
    '  loadRuntimeState,\r\n' +
    '  saveRuntimeState,\r\n' +
    '  transitionRuntimeState,\r\n' +
    '  RuntimeStateTransitionError,\r\n' +
    "} = require('./server/simulation-runtime-store');\r\n" +
    "const { loadCredentials, saveCredentialsTokens } = require('./zerodha-credentials');\r\n" +
    "const { loadSharekhanCredentials, saveSharekhanAccessToken } = require('./sharekhan-credentials');\r\n" +
    "const KiteClient = require('./zerodha-kite-client');\r\n" +
    "const SharekhanClient = require('./sharekhan-client');\r\n" +
    "const ConfirmationPoller = require('./zerodha-confirmation-poller');\r\n" +
    'const PORT  = 3001;\r\n' +
    "const USER_OPENAI_PROPERTIES = path.join(os.homedir(), 'openai.properties');\r\n" +
    "const SAVED_ETF_FILE = path.join(__dirname, 'saved_etfs.json');\r\n" +
    "const SAVED_STOCK_FILE = path.join(__dirname, 'saved_stocks.json');\r\n" +
    "const SAVED_ETF_FAV_FILE  = path.join(__dirname, 'saved_etf_favs.json');\r\n" +
    "const ETF_LIST_CACHE_FILE  = path.join(__dirname, 'etf_list_cache.json');\r\n" +
    'const ETF_LIST_CACHE_TTL   = 24 * 60 * 60 * 1000;        // 24 hours (NSE price/nav batch)\r\n' +
    'const ETF_META_TTL         = 30 * 24 * 60 * 60 * 1000;   // 30 days (static: TER, family, 1Y/3Y/5Y ΓÇö stored in etf_list_cache.json under "meta" key)\r\n' +
    "const FUND_CACHE_FILE      = path.join(__dirname, 'fundamentals_cache.json');\r\n" +
    'const FUND_CACHE_TTL       = 30 * 24 * 60 * 60 * 1000;   // 30 days (mostly static fundamentals)\r\n' +
    "const ETF_SUM_CACHE_FILE   = path.join(__dirname, 'etf_summary_cache.json');\r\n" +
    'const ETF_1M_RETURN_TTL    = 24 * 60 * 60 * 1000;        // 24 hours (1M return ΓÇö base shifts daily)\r\n' +
    'const ETF_SUM_CACHE_VERSION = 3;                          // v3: 1M-return-only cache (static fields moved to etf_list_cache meta)\r\n' +
    "const NSE_IDX_CACHE_FILE   = path.join(__dirname, 'nse_index_cache.json');\r\n" +
    'const NSE_IDX_CACHE_TTL    = 24 * 60 * 60 * 1000;        // 24 hours\r\n' +
    "const SAVED_STOCK_FAV_FILE = path.join(__dirname, 'saved_stock_favs.json');\r\n" +
    "const PAPER_TRADES_FILE    = process.env.PAPER_TRADES_FILE || path.join(__dirname, 'paper_trades.json');\r\n" +
    "const TRADE_EXECUTION_PATH = '/trade-execution';\r\n" +
    "const PAPER_TRADES_ALIAS_PATH = '/paper-trades';\r\n" +
    'const TRADE_EXECUTION_STREAM_PATH = `${TRADE_EXECUTION_PATH}/stream`;\r\n' +
    'const PAPER_TRADES_ALIAS_STREAM_PATH = `${PAPER_TRADES_ALIAS_PATH}/stream`;\r\n' +
    "const PAPER_TRADES_DEPRECATION_WARNING = '/paper-trades will be removed next minor release';\r\n" +
    "const SIMULATION_RUNTIME_FILE = process.env.SIMULATION_RUNTIME_FILE || path.join(__dirname, 'simulation_runtime.json');\r\n" +
    "const REPLAY_WORKER_FILE   = path.join(__dirname, 'replay_worker.js');\r\n" +
    "const APP_CACHE_DIR        = path.join(__dirname, 'cache');\r\n" +
    "const REPLAY_CACHE_FILE    = path.join(APP_CACHE_DIR, 'replay_results.json');\r\n" +
    "const FRESH_NEWS_CACHE_FILE = path.join(APP_CACHE_DIR, 'fresh_stock_news.json'); // legacy combined cache\r\n" +
    "const FRESH_NEWS_CACHE_DIR  = path.join(APP_CACHE_DIR, 'fresh_news');\r\n" +
    "const FRESH_NEWS_CACHE_INDEX_FILE = path.join(FRESH_NEWS_CACHE_DIR, 'index.json');\r\n" +
    "const TRADE_SETTINGS_FILE  = process.env.TRADE_SETTINGS_FILE || path.join(__dirname, 'trade_settings.json');\r\n" +
    "const BROKER_PREFS_FILE    = path.join(__dirname, 'broker_preferences.json');\r\n" +
    "const SIM_SNAPSHOT_DIR     = path.join(__dirname, 'snapshots');\r\n" +
    "const SIM_SNAPSHOT_FILE    = path.join(SIM_SNAPSHOT_DIR, 'simulation_snapshots.json');\r\n" +
    "const SIM_SNAPSHOT_LEGACY_FILE = path.join(__dirname, 'simulation_snapshots.json');\r\n" +
    "const SIM_SNAPSHOT_PREFIX  = 'simulation_snapshots';\r\n" +
    'const SIM_SNAPSHOT_RETENTION_DAYS = 30;\r\n' +
    'const SIM_SNAPSHOT_TTL     = SIM_SNAPSHOT_RETENTION_DAYS * 24 * 60 * 60 * 1000; // keep strategy replay data\r\n' +
    "const SIMULATION_UNIVERSE_FILE = process.env.SIMULATION_UNIVERSE_FILE || path.join(__dirname, 'simulation_universe.json');\r\n" +
    'const INTRADAY_LIVE_REFRESH_MARKET_SEC = 60;\r\n' +
    'const INTRADAY_LIVE_REFRESH_OFF_HOURS_SEC = 15 * 60;\r\n' +
    'const SIMULATION_MARKET_CACHE_TTL_MS = 60 * 1000;\r\n' +
    'const SIMULATION_SYMBOL_META_CACHE_TTL_MS = 5 * 60 * 1000;\r\n' +
    'const STOCK_NEWS_TTL       = 30 * 60 * 1000;             // 30 minutes\r\n' +
    'const INTRADAY_SIGNAL_TTL  = 2 * 60 * 1000;              // 2 minutes\r\n' +
    'const REPLAY_CACHE_MAX     = 30;\r\n' +
    'const FRESH_NEWS_CACHE_VERSION = 4;\r\n' +
    'const FRESH_NEWS_CACHE_MAX_DAYS = 30;\r\n' +
    "const FRESH_NEWS_CRON_TIMES_IST = ['10:30', '15:45'];   // twice daily server-side refresh\r\n" +
    'const FRESH_NEWS_STARTUP_STALE_MS = 6 * 60 * 60 * 1000;\r\n' +
    "const REPLAY_DEEP_SWEEP_TIME_IST = '15:50';\r\n" +
    'const replayResultCache    = new Map();\r\n' +
    'const replayJobs           = new Map();\r\n' +
    'const activeReplayJobs     = new Map();\r\n' +
    'const paperTradeStreamClients = new Set();\r\n' +
    'const intradayLiveStreamClients = new Set();\r\n' +
    'let freshNewsDayCache      = null;\r\n' +
    'const freshNewsBuildJobs   = new Map();\r\n' +
    'let freshNewsCronTimer     = null;\r\n' +
    'let replayDeepSweepTimer   = null;\r\n' +
    'const DEFAULT_SIMULATION_TICK_INTERVAL_SEC = 15;\r\n' +
    'const DEFAULT_SIMULATION_STOP_TIMEOUT_SEC = 900;\r\n' +
    'let simulationTickIntervalSec = DEFAULT_SIMULATION_TICK_INTERVAL_SEC;\r\n' +
    'let simulationStopTimeoutSec = DEFAULT_SIMULATION_STOP_TIMEOUT_SEC;\r\n' +
    'let simulationSchedulerTimer = null;\r\n' +
    'let simulationSettlingStartedAt = 0;\r\n' +
    'let simulationRuntimeInitialized = false;\r\n' +
    'let simulationRuntimeAutoResumeArmed = false;\r\n' +
    'let simulationTickInFlight = false;\r\n' +
    'let mutationLockActive = false;\r\n' +
    'let mutationLockQueue = Promise.resolve();\r\n' +
    'let simulationSchedulerTestInputs = null;\r\n' +
    'let simulationUniverseSymbols = null;\r\n' +
    'const intradayLiveCache = new Map();\r\n' +
    'let intradayLiveRefreshTimer = null;\r\n' +
    'let intradayLiveRefreshInFlight = false;\r\n' +
    'let intradayLiveRefreshActive = false;\r\n' +
    'let simulationMarketCache = { fetchedAt: 0, indices: {} };\r\n' +
    'let simulationSymbolMetaCache = { builtAt: 0, bySymbol: new Map() };\r\n' +
    '\r\n' +
    'function loadPropertiesFile(filePath) {\r\n' +
    '  try {\r\n' +
    '    if (!fs.existsSync(filePath)) return {};\r\n' +
    '    const props = {};\r\n' +
    "    const lines = fs.readFileSync(filePath, 'utf8').split(/\\r?\\n/);\r\n" +
    '    for (const line of lines) {\r\n' +
    '      const trimmed = line.trim();\r\n' +
    "      if (!trimmed || trimmed.startsWith('#') || trimmed.startsWith(';')) continue;\r\n" +
    "      const idx = trimmed.indexOf('=');\r\n" +
    '      if (idx <= 0) continue;\r\n' +
    '      const key = trimmed.slice(0, idx).trim();\r\n' +
    '      let value = trimmed.slice(idx + 1).trim();\r\n' +
    `      if ((value.startsWith('"') && value.endsWith('"')) || (value.startsWith("'") && value.endsWith("'"))) {\r\n` +
    '        value = value.slice(1, -1);\r\n' +
    '      }\r\n' +
    '      props[key] = value;\r\n' +
    '    }\r\n' +
    '    return props;\r\n' +
    '  } catch(e) {\r\n' +
    "    console.warn('[openai] Could not read openai.properties:', e.message);\r\n" +
    '    return {};\r\n' +
    '  }\r\n' +
    '}\r\n' +
    '\r\n' +
    'const openaiProps = loadPropertiesFile(USER_OPENAI_PROPERTIES);\r\n' +
    "const OPENAI_API_KEY = process.env.OPENAI_API_KEY || openaiProps.OPENAI_API_KEY || openaiProps.api_key || openaiProps.apiKey || '';\r\n" +
    "const OPENAI_MODEL = process.env.OPENAI_MODEL || openaiProps.OPENAI_MODEL || openaiProps.model || 'gpt-4.1-mini';\r\n" +
    "const OLLAMA_BASE_URL = process.env.OLLAMA_BASE_URL || openaiProps.OLLAMA_BASE_URL || openaiProps.ollama_base_url || 'http://localhost:11434';\r\n" +
    "const OLLAMA_MODEL = process.env.OLLAMA_MODEL || openaiProps.OLLAMA_MODEL || openaiProps.ollama_model || '';\r\n" +
    'const OLLAMA_TIMEOUT_MS = Number(process.env.OLLAMA_TIMEOUT_MS || openaiProps.OLLAMA_TIMEOUT_MS || openaiProps.ollama_timeout_ms || 180000);\r\n' +
    '\r\n' +
    "const VALID_BROKER_MODES = new Set(['paper', 'zerodha_dry_run', 'zerodha_live', 'sharekhan_live']);\r\n" +
    '\r\n' +
    'function loadBrokerModePreference() {\r\n' +
    '  try {\r\n' +
    "    if (!fs.existsSync(BROKER_PREFS_FILE)) return 'paper';\r\n" +
    "    const parsed = JSON.parse(fs.readFileSync(BROKER_PREFS_FILE, 'utf8') || '{}');\r\n" +
    "    const mode = String(parsed?.mode || '').toLowerCase();\r\n" +
    "    return VALID_BROKER_MODES.has(mode) ? mode : 'paper';\r\n" +
    '  } catch (e) {\r\n' +
    "    console.warn('[broker-prefs] Could not load broker preferences:', e.message);\r\n" +
    "    return 'paper';\r\n" +
    '  }\r\n' +
    '}\r\n' +
    '\r\n' +
    'function saveBrokerModePreference(mode) {\r\n' +
    '  try {\r\n' +
    '    if (!VALID_BROKER_MODES.has(mode)) return false;\r\n' +
    "    fs.writeFileSync(BROKER_PREFS_FILE, JSON.stringify({ mode, updatedAt: Date.now() }, null, 2), 'utf8');\r\n" +
    '    return true;\r\n' +
    '  } catch (e) {\r\n' +
    "    console.warn('[broker-prefs] Could not save broker preferences:', e.message);\r\n" +
    '    return false;\r\n' +
    '  }\r\n' +
    '}\r\n' +
    '\r\n' +
    'function setBrokerMode(mode) {\r\n' +
    '  const next = Stri'... 340182 more characters
  
      at TestContext.<anonymous> (C:\data\project\stock-watcher\test\simulation-uses-intraday-cache.test.js:10:10)
      at Test.runInAsyncScope (node:async_hooks:227:14)
      at Test.run (node:internal/test_runner/test:1201:25)
      at Test.start (node:internal/test_runner/test:1096:17)
      at startSubtestAfterBootstrap (node:internal/test_runner/harness:385:17) {
    generatedMessage: true,
    code: 'ERR_ASSERTION',
    actual: '#!/usr/bin/env node\r\n/**\r\n * NSE + Yahoo Finance Local Proxy Server\r\n * ΓöÇΓöÇΓöÇΓöÇΓöÇΓöÇΓöÇΓöÇΓöÇΓöÇΓöÇΓöÇΓöÇΓöÇΓöÇΓöÇΓöÇΓöÇΓöÇΓöÇΓöÇΓöÇΓöÇΓöÇΓöÇΓöÇΓöÇΓöÇΓöÇΓöÇΓöÇΓöÇΓöÇΓöÇΓöÇΓöÇΓöÇΓöÇΓöÇΓöÇΓöÇΓöÇΓöÇΓöÇΓöÇΓöÇΓöÇΓöÇΓöÇΓöÇΓöÇΓöÇΓöÇΓöÇΓöÇΓöÇΓöÇΓöÇΓöÇΓöÇΓöÇΓöÇΓöÇΓöÇΓöÇ\r\n * Run:  node ticker_proxy.js          (self-applies --max-http-header-size)\r\n * Port: 3001\r\n *\r\n * Routes:\r\n *   GET /health                 ΓåÆ status check\r\n *   GET /nse?path=/api/...      ΓåÆ NSE India API (handles session)\r\n *   GET /yahoo?symbols=A,B,C    ΓåÆ Yahoo Finance v7 quotes\r\n *   GET /yahoo/indices          ΓåÆ Nifty index quotes\r\n * ΓöÇΓöÇΓöÇΓöÇΓöÇΓöÇΓöÇΓöÇΓöÇΓöÇΓöÇΓöÇΓöÇΓöÇΓöÇΓöÇΓöÇΓöÇΓöÇΓöÇΓöÇΓöÇΓöÇΓöÇΓöÇΓöÇΓöÇΓöÇΓöÇΓöÇΓöÇΓöÇΓöÇΓöÇΓöÇΓöÇΓöÇΓöÇΓöÇΓöÇΓöÇΓöÇΓöÇΓöÇΓöÇΓöÇΓöÇΓöÇΓöÇΓöÇΓöÇΓöÇΓöÇΓöÇΓöÇΓöÇΓöÇΓöÇΓöÇΓöÇΓöÇΓöÇΓöÇΓöÇΓöÇ\r\n */\r\n\r\n// ΓöÇΓöÇ SELF-RESPAWN ΓöÇΓöÇΓöÇΓöÇΓöÇΓöÇΓöÇΓöÇΓöÇΓöÇΓöÇΓöÇΓöÇΓöÇΓöÇΓöÇΓöÇΓöÇΓöÇΓöÇΓöÇΓöÇΓöÇΓöÇΓöÇΓöÇΓöÇΓöÇΓöÇΓöÇΓöÇΓöÇΓöÇΓöÇΓöÇΓöÇΓöÇΓöÇΓöÇΓöÇΓöÇΓöÇΓöÇΓöÇΓöÇΓöÇΓöÇΓöÇΓöÇΓöÇ\r\n// Yahoo Finance responses contain huge Set-Cookie headers that exceed\r\n// Node\'s default 8 KB HTTP parser limit.  The ONLY reliable fix is the\r\n// --max-http-header-size CLI flag (agent-level options don\'t work).\r\n// If we weren\'t started with it, re-exec ourselves with it right now.\r\nconst HEADER_FLAG = \'--max-http-header-size=65536\';\r\nif (require.main === module && !process.execArgv.includes(HEADER_FLAG)) {\r\n  const { spawnSync } = require(\'child_process\');\r\n  console.log(\'[proxy] Re-starting with\', HEADER_FLAG, \'ΓÇª\');\r\n  const result = spawnSync(\r\n    process.execPath,\r\n    [HEADER_FLAG, ...process.argv.slice(1)],\r\n    { stdio: \'inherit\', env: process.env }\r\n  );\r\n  process.exit(result.status ?? 0);\r\n}\r\n// ΓöÇΓöÇΓöÇΓöÇΓöÇΓöÇΓöÇΓöÇΓöÇΓöÇΓöÇΓöÇΓöÇΓöÇΓöÇΓöÇΓöÇΓöÇΓöÇΓöÇΓöÇΓöÇΓöÇΓöÇΓöÇΓöÇΓöÇΓöÇΓöÇΓöÇΓöÇΓöÇΓöÇΓöÇΓöÇΓöÇΓöÇΓöÇΓöÇΓöÇΓöÇΓöÇΓöÇΓöÇΓöÇΓöÇΓöÇΓöÇΓöÇΓöÇΓöÇΓöÇΓöÇΓöÇΓöÇΓöÇΓöÇΓöÇΓöÇΓöÇΓöÇΓöÇΓöÇΓöÇΓöÇ\r\n\r\nconst http  = require(\'http\');\r\nconst https = require(\'https\');\r\nconst zlib  = require(\'zlib\');\r\nconst fs    = require(\'fs\');\r\nconst path  = require(\'path\');\r\nconst os    = require(\'os\');\r\nconst crypto = require(\'crypto\');\r\nconst { fork } = require(\'child_process\');\r\nconst Backtest = require(\'./backtest_simulation\');\r\nconst SimulationEngine = require(\'./simulation_engine\');\r\nconst TradeRules = require(\'./trade_rules\');\r\nconst { runSimulationDomainCycle } = require(\'./server/simulation-domain\');\r\nconst {\r\n  loadRuntimeState,\r\n  saveRuntimeState,\r\n  transitionRuntimeState,\r\n  RuntimeStateTransitionError,\r\n} = require(\'./server/simulation-runtime-store\');\r\nconst { loadCredentials, saveCredentialsTokens } = require(\'./zerodha-credentials\');\r\nconst { loadSharekhanCredentials, saveSharekhanAccessToken } = require(\'./sharekhan-credentials\');\r\nconst KiteClient = require(\'./zerodha-kite-client\');\r\nconst SharekhanClient = require(\'./sharekhan-client\');\r\nconst ConfirmationPoller = require(\'./zerodha-confirmation-poller\');\r\nconst PORT  = 3001;\r\nconst USER_OPENAI_PROPERTIES = path.join(os.homedir(), \'openai.properties\');\r\nconst SAVED_ETF_FILE = path.join(__dirname, \'saved_etfs.json\');\r\nconst SAVED_STOCK_FILE = path.join(__dirname, \'saved_stocks.json\');\r\nconst SAVED_ETF_FAV_FILE  = path.join(__dirname, \'saved_etf_favs.json\');\r\nconst ETF_LIST_CACHE_FILE  = path.join(__dirname, \'etf_list_cache.json\');\r\nconst ETF_LIST_CACHE_TTL   = 24 * 60 * 60 * 1000;        // 24 hours (NSE price/nav batch)\r\nconst ETF_META_TTL         = 30 * 24 * 60 * 60 * 1000;   // 30 days (static: TER, family, 1Y/3Y/5Y ΓÇö stored in etf_list_cache.json under "meta" key)\r\nconst FUND_CACHE_FILE      = path.join(__dirname, \'fundamentals_cache.json\');\r\nconst FUND_CACHE_TTL       = 30 * 24 * 60 * 60 * 1000;   // 30 days (mostly static fundamentals)\r\nconst ETF_SUM_CACHE_FILE   = path.join(__dirname, \'etf_summary_cache.json\');\r\nconst ETF_1M_RETURN_TTL    = 24 * 60 * 60 * 1000;        // 24 hours (1M return ΓÇö base shifts daily)\r\nconst ETF_SUM_CACHE_VERSION = 3;                          // v3: 1M-return-only cache (static fields moved to etf_list_cache meta)\r\nconst NSE_IDX_CACHE_FILE   = path.join(__dirname, \'nse_index_cache.json\');\r\nconst NSE_IDX_CACHE_TTL    = 24 * 60 * 60 * 1000;        // 24 hours\r\nconst SAVED_STOCK_FAV_FILE = path.join(__dirname, \'saved_stock_favs.json\');\r\nconst PAPER_TRADES_FILE    = process.env.PAPER_TRADES_FILE || path.join(__dirname, \'paper_trades.json\');\r\nconst TRADE_EXECUTION_PATH = \'/trade-execution\';\r\nconst PAPER_TRADES_ALIAS_PATH = \'/paper-trades\';\r\nconst TRADE_EXECUTION_STREAM_PATH = `${TRADE_EXECUTION_PATH}/stream`;\r\nconst PAPER_TRADES_ALIAS_STREAM_PATH = `${PAPER_TRADES_ALIAS_PATH}/stream`;\r\nconst PAPER_TRADES_DEPRECATION_WARNING = \'/paper-trades will be removed next minor release\';\r\nconst SIMULATION_RUNTIME_FILE = process.env.SIMULATION_RUNTIME_FILE || path.join(__dirname, \'simulation_runtime.json\');\r\nconst REPLAY_WORKER_FILE   = path.join(__dirname, \'replay_worker.js\');\r\nconst APP_CACHE_DIR        = path.join(__dirname, \'cache\');\r\nconst REPLAY_CACHE_FILE    = path.join(APP_CACHE_DIR, \'replay_results.json\');\r\nconst FRESH_NEWS_CACHE_FILE = path.join(APP_CACHE_DIR, \'fresh_stock_news.json\'); // legacy combined cache\r\nconst FRESH_NEWS_CACHE_DIR  = path.join(APP_CACHE_DIR, \'fresh_news\');\r\nconst FRESH_NEWS_CACHE_INDEX_FILE = path.join(FRESH_NEWS_CACHE_DIR, \'index.json\');\r\nconst TRADE_SETTINGS_FILE  = process.env.TRADE_SETTINGS_FILE || path.join(__dirname, \'trade_settings.json\');\r\nconst BROKER_PREFS_FILE    = path.join(__dirname, \'broker_preferences.json\');\r\nconst SIM_SNAPSHOT_DIR     = path.join(__dirname, \'snapshots\');\r\nconst SIM_SNAPSHOT_FILE    = path.join(SIM_SNAPSHOT_DIR, \'simulation_snapshots.json\');\r\nconst SIM_SNAPSHOT_LEGACY_FILE = path.join(__dirname, \'simulation_snapshots.json\');\r\nconst SIM_SNAPSHOT_PREFIX  = \'simulation_snapshots\';\r\nconst SIM_SNAPSHOT_RETENTION_DAYS = 30;\r\nconst SIM_SNAPSHOT_TTL     = SIM_SNAPSHOT_RETENTION_DAYS * 24 * 60 * 60 * 1000; // keep strategy replay data\r\nconst SIMULATION_UNIVERSE_FILE = process.env.SIMULATION_UNIVERSE_FILE || path.join(__dirname, \'simulation_universe.json\');\r\nconst INTRADAY_LIVE_REFRESH_MARKET_SEC = 60;\r\nconst INTRADAY_LIVE_REFRESH_OFF_HOURS_SEC = 15 * 60;\r\nconst SIMULATION_MARKET_CACHE_TTL_MS = 60 * 1000;\r\nconst SIMULATION_SYMBOL_META_CACHE_TTL_MS = 5 * 60 * 1000;\r\nconst STOCK_NEWS_TTL       = 30 * 60 * 1000;             // 30 minutes\r\nconst INTRADAY_SIGNAL_TTL  = 2 * 60 * 1000;              // 2 minutes\r\nconst REPLAY_CACHE_MAX     = 30;\r\nconst FRESH_NEWS_CACHE_VERSION = 4;\r\nconst FRESH_NEWS_CACHE_MAX_DAYS = 30;\r\nconst FRESH_NEWS_CRON_TIMES_IST = [\'10:30\', \'15:45\'];   // twice daily server-side refresh\r\nconst FRESH_NEWS_STARTUP_STALE_MS = 6 * 60 * 60 * 1000;\r\nconst REPLAY_DEEP_SWEEP_TIME_IST = \'15:50\';\r\nconst replayResultCache    = new Map();\r\nconst replayJobs           = new Map();\r\nconst activeReplayJobs     = new Map();\r\nconst paperTradeStreamClients = new Set();\r\nconst intradayLiveStreamClients = new Set();\r\nlet freshNewsDayCache      = null;\r\nconst freshNewsBuildJobs   = new Map();\r\nlet freshNewsCronTimer     = null;\r\nlet replayDeepSweepTimer   = null;\r\nconst DEFAULT_SIMULATION_TICK_INTERVAL_SEC = 15;\r\nconst DEFAULT_SIMULATION_STOP_TIMEOUT_SEC = 900;\r\nlet simulationTickIntervalSec = DEFAULT_SIMULATION_TICK_INTERVAL_SEC;\r\nlet simulationStopTimeoutSec = DEFAULT_SIMULATION_STOP_TIMEOUT_SEC;\r\nlet simulationSchedulerTimer = null;\r\nlet simulationSettlingStartedAt = 0;\r\nlet simulationRuntimeInitialized = false;\r\nlet simulationRuntimeAutoResumeArmed = false;\r\nlet simulationTickInFlight = false;\r\nlet mutationLockActive = false;\r\nlet mutationLockQueue = Promise.resolve();\r\nlet simulationSchedulerTestInputs = null;\r\nlet simulationUniverseSymbols = null;\r\nconst intradayLiveCache = new Map();\r\nlet intradayLiveRefreshTimer = null;\r\nlet intradayLiveRefreshInFlight = false;\r\nlet intradayLiveRefreshActive = false;\r\nlet simulationMarketCache = { fetchedAt: 0, indices: {} };\r\nlet simulationSymbolMetaCache = { builtAt: 0, bySymbol: new Map() };\r\n\r\nfunction loadPropertiesFile(filePath) {\r\n  try {\r\n    if (!fs.existsSync(filePath)) return {};\r\n    const props = {};\r\n    const lines = fs.readFileSync(filePath, \'utf8\').split(/\\r?\\n/);\r\n    for (const line of lines) {\r\n      const trimmed = line.trim();\r\n      if (!trimmed || trimmed.startsWith(\'#\') || trimmed.startsWith(\';\')) continue;\r\n      const idx = trimmed.indexOf(\'=\');\r\n      if (idx <= 0) continue;\r\n      const key = trimmed.slice(0, idx).trim();\r\n      let value = trimmed.slice(idx + 1).trim();\r\n      if ((value.startsWith(\'"\') && value.endsWith(\'"\')) || (value.startsWith("\'") && value.endsWith("\'"))) {\r\n        value = value.slice(1, -1);\r\n      }\r\n      props[key] = value;\r\n    }\r\n    return props;\r\n  } catch(e) {\r\n    console.warn(\'[openai] Could not read openai.properties:\', e.message);\r\n    return {};\r\n  }\r\n}\r\n\r\nconst openaiProps = loadPropertiesFile(USER_OPENAI_PROPERTIES);\r\nconst OPENAI_API_KEY = process.env.OPENAI_API_KEY || openaiProps.OPENAI_API_KEY || openaiProps.api_key || openaiProps.apiKey || \'\';\r\nconst OPENAI_MODEL = process.env.OPENAI_MODEL || openaiProps.OPENAI_MODEL || openaiProps.model || \'gpt-4.1-mini\';\r\nconst OLLAMA_BASE_URL = process.env.OLLAMA_BASE_URL || openaiProps.OLLAMA_BASE_URL || openaiProps.ollama_base_url || \'http://localhost:11434\';\r\nconst OLLAMA_MODEL = process.env.OLLAMA_MODEL || openaiProps.OLLAMA_MODEL || openaiProps.ollama_model || \'\';\r\nconst OLLAMA_TIMEOUT_MS = Number(process.env.OLLAMA_TIMEOUT_MS || openaiProps.OLLAMA_TIMEOUT_MS || openaiProps.ollama_timeout_ms || 180000);\r\n\r\nconst VALID_BROKER_MODES = new Set([\'paper\', \'zerodha_dry_run\', \'zerodha_live\', \'sharekhan_live\']);\r\n\r\nfunction loadBrokerModePreference() {\r\n  try {\r\n    if (!fs.existsSync(BROKER_PREFS_FILE)) return \'paper\';\r\n    const parsed = JSON.parse(fs.readFileSync(BROKER_PREFS_FILE, \'utf8\') || \'{}\');\r\n    const mode = String(parsed?.mode || \'\').toLowerCase();\r\n    return VALID_BROKER_MODES.has(mode) ? mode : \'paper\';\r\n  } catch (e) {\r\n    console.warn(\'[broker-prefs] Could not load broker preferences:\', e.message);\r\n    return \'paper\';\r\n  }\r\n}\r\n\r\nfunction saveBrokerModePreference(mode) {\r\n  try {\r\n    if (!VALID_BROKER_MODES.has(mode)) return false;\r\n    fs.writeFileSync(BROKER_PREFS_FILE, JSON.stringify({ mode, updatedAt: Date.now() }, null, 2), \'utf8\');\r\n    return true;\r\n  } catch (e) {\r\n    console.warn(\'[broker-prefs] Could not save broker preferences:\', e.message);\r\n    return false;\r\n  }\r\n}\r\n\r\nfunction setBrokerMode(mode) {\r\n  const next = Stri'... 340182 more characters,
    expected: /function buildSchedulerCandidatesFromIntradayCache\(settings,\s*symbolMetaBySymbol\s*=\s*null\)/,
    operator: 'match',
    diff: 'simple'
  }

test at test\trade-ownership-migration.test.js:124:1
Γ£û SIMULATION_AUTO_MANUAL_EXITS=false keeps manual trades manual_only during running and settling (430.8665ms)
  AssertionError [ERR_ASSERTION]: Expected values to be strictly equal:
  
  'closed' !== 'open'
  
      at TestContext.<anonymous> (C:\data\project\stock-watcher\test\trade-ownership-migration.test.js:150:10)
      at process.processTicksAndRejections (node:internal/process/task_queues:104:5)
      at async Test.run (node:internal/test_runner/test:1208:7)
      at async Test.processPendingSubtests (node:internal/test_runner/test:831:7) {
    generatedMessage: true,
    code: 'ERR_ASSERTION',
    actual: 'closed',
    expected: 'open',
    operator: 'strictEqual',
    diff: 'simple'
  }

test at test\trade-ownership-migration.test.js:167:1
Γ£û SIMULATION_AUTO_MANUAL_EXITS=true transitions eligible manual trades to simulation managed (213.8788ms)
  AssertionError [ERR_ASSERTION]: Expected values to be strictly equal:
  
  'closed' !== 'open'
  
      at TestContext.<anonymous> (C:\data\project\stock-watcher\test\trade-ownership-migration.test.js:187:10)
      at process.processTicksAndRejections (node:internal/process/task_queues:104:5)
      at async Test.run (node:internal/test_runner/test:1208:7)
      at async Test.processPendingSubtests (node:internal/test_runner/test:831:7) {
    generatedMessage: true,
    code: 'ERR_ASSERTION',
    actual: 'closed',
    expected: 'open',
    operator: 'strictEqual',
    diff: 'simple'
  }
